[backblue.gif]
[fade.gif]
[index.html]
[bombcryptosimulator.com/img/icon3.png]
[bombcryptosimulator.com/stylea8ba.css]
[pagead2.googlesyndication.com/pagead/js/f1371.txt]
[bombcryptosimulator.com/img/ninja.png]
[bombcryptosimulator.com/img/logo.png]
[bombcryptosimulator.com/img/char1.png]
[bombcryptosimulator.com/img/char2.png]
[bombcryptosimulator.com/img/char3.png]
[bombcryptosimulator.com/img/char4.png]
[bombcryptosimulator.com/img/char5.png]
[bombcryptosimulator.com/img/bcoinside.png]
[bombcryptosimulator.com/img/chestWood.png]
[bombcryptosimulator.com/img/chestMetal.png]
[bombcryptosimulator.com/img/chestGold.png]
[bombcryptosimulator.com/img/chestCrystal.png]
[code.jquery.com/jquery-3.6.0.min.js]
[bombcryptosimulator.com/serverClaimBalance.txt]
[bombcryptosimulator.com/serverClaimHeroes.txt]
[bombcryptosimulator.com/serverStatus.txt]
[bombcryptosimulator.com/index.html]
[bombcryptosimulator.com/img/buttonBlue.png]
[bombcryptosimulator.com/img/buttonRed.png]
[bombcryptosimulator.com/img/buttonYellow.png]
[bombcryptosimulator.com/img/buttonGreen.png]
[bombcryptosimulator.com/img/1-BG.png]
[bombcryptosimulator.com/img/langback.png]
[bombcryptosimulator.com/img/pt.png]
[bombcryptosimulator.com/img/ph.png]
[bombcryptosimulator.com/img/en.png]
[bombcryptosimulator.com/img/es.png]
[bombcryptosimulator.com/img/mintHeader.png]
[bombcryptosimulator.com/img/minticon.png]
[bombcryptosimulator.com/img/bcoin.png]
[bombcryptosimulator.com/img/mintBack.png]
[bombcryptosimulator.com/img/mintBottom.png]
[bombcryptosimulator.com/img/charlist.png]
[bombcryptosimulator.com/img/mintLoading.png]
[bombcryptosimulator.com/img/numberbox.png]
[bombcryptosimulator.com/img/serverStatus.png]
[bombcryptosimulator.com/img/statusGreen.png]
[bombcryptosimulator.com/img/statusRed.png]
[bombcryptosimulator.com/img/pingBack.png]
[bombcryptosimulator.com/img/serverInfosBack.png]
[bombcryptosimulator.com/img/shield.png]
[bombcryptosimulator.com/img/arrow.png]
[bombcryptosimulator.com/img/heroBack.png]
[bombcryptosimulator.com/img/talentsBackground.png]
[bombcryptosimulator.com/img/talentsBack.png]
[bombcryptosimulator.com/img/cowboy.png]
[bombcryptosimulator.com/img/frog.png]
[bombcryptosimulator.com/img/witch.png]
[bombcryptosimulator.com/img/knight.png]
[bombcryptosimulator.com/img/vampire.png]
[bombcryptosimulator.com/img/energy.png]
[bombcryptosimulator.com/img/mana.png]
[bombcryptosimulator.com/img/customScroll.png]
[bombcryptosimulator.com/img/scrollMover.png]
[bombcryptosimulator.com/img/heroListBack.png]
[bombcryptosimulator.com/img/heroListBackActive.png]
[bombcryptosimulator.com/img/deleteHero.png]
[bombcryptosimulator.com/img/singleHeroStats.png]
[bombcryptosimulator.com/img/fullStats.png]
[bombcryptosimulator.com/img/statSeparator.png]
[bombcryptosimulator.com/img/rankBorder.png]
[bombcryptosimulator.com/img/streetQuestions.png]
[bombcryptosimulator.com/stylea8ba.css]
